// Jest Snapshot v1, https://goo.gl/fbAQLP

exports[`Testing ScreenOne component render it  1`] = `
<View
  style={
    {
      "alignItems": "center",
      "backgroundColor": "#F5FCFF",
      "flex": 1,
      "justifyContent": "center",
    }
  }
  testID="main_view"
>
  <Text
    onPress={[Function]}
    style={
      {
        "fontSize": 20,
        "margin": 10,
        "textAlign": "center",
      }
    }
  >
    to React Native!
  </Text>
  <Text
    style={
      {
        "color": "red",
        "marginBottom": 5,
        "textAlign": "center",
      }
    }
  >
    This is a React Native snapshot test.
  </Text>
</View>
`;
